{
  "version": "1.5.0",
  "plugins_used": [
    {
      "name": "ArtifactoryDetector"
    },
    {
      "name": "AWSKeyDetector"
    },
    {
      "name": "AzureStorageKeyDetector"
    },
    {
      "name": "Base64HighEntropyString",
      "limit": 4.5
    },
    {
      "name": "BasicAuthDetector"
    },
    {
      "name": "CloudantDetector"
    },
    {
      "name": "DiscordBotTokenDetector"
    },
    {
      "name": "GitHubTokenDetector"
    },
    {
      "name": "GitLabTokenDetector"
    },
    {
      "name": "HexHighEntropyString",
      "limit": 3.0
    },
    {
      "name": "IbmCloudIamDetector"
    },
    {
      "name": "IbmCosHmacDetector"
    },
    {
      "name": "IPPublicDetector"
    },
    {
      "name": "JwtTokenDetector"
    },
    {
      "name": "KeywordDetector",
      "keyword_exclude": ""
    },
    {
      "name": "MailchimpDetector"
    },
    {
      "name": "NpmDetector"
    },
    {
      "name": "OpenAIDetector"
    },
    {
      "name": "PrivateKeyDetector"
    },
    {
      "name": "PypiTokenDetector"
    },
    {
      "name": "SendGridDetector"
    },
    {
      "name": "SlackDetector"
    },
    {
      "name": "SoftlayerDetector"
    },
    {
      "name": "SquareOAuthDetector"
    },
    {
      "name": "StripeDetector"
    },
    {
      "name": "TelegramBotTokenDetector"
    },
    {
      "name": "TwilioKeyDetector"
    }
  ],
  "filters_used": [
    {
      "path": "detect_secrets.filters.allowlist.is_line_allowlisted"
    },
    {
      "path": "detect_secrets.filters.common.is_ignored_due_to_verification_policies",
      "min_level": 2
    },
    {
      "path": "detect_secrets.filters.heuristic.is_indirect_reference"
    },
    {
      "path": "detect_secrets.filters.heuristic.is_likely_id_string"
    },
    {
      "path": "detect_secrets.filters.heuristic.is_lock_file"
    },
    {
      "path": "detect_secrets.filters.heuristic.is_not_alphanumeric_string"
    },
    {
      "path": "detect_secrets.filters.heuristic.is_potential_uuid"
    },
    {
      "path": "detect_secrets.filters.heuristic.is_prefixed_with_dollar_sign"
    },
    {
      "path": "detect_secrets.filters.heuristic.is_sequential_string"
    },
    {
      "path": "detect_secrets.filters.heuristic.is_swagger_file"
    },
    {
      "path": "detect_secrets.filters.heuristic.is_templated_secret"
    }
  ],
  "results": {
    ".env.example": [
      {
        "type": "Basic Auth Credentials",
        "filename": ".env.example",
        "hashed_secret": "7205a0abf00d1daec13c63ece029057c974795a9",
        "is_verified": false,
        "line_number": 34,
        "is_secret": false
      },
      {
        "type": "Basic Auth Credentials",
        "filename": ".env.example",
        "hashed_secret": "5baa61e4c9b93f3f0682250b6cf8331b7ee68fd8",
        "is_verified": false,
        "line_number": 35,
        "is_secret": false
      }
    ],
    ".github/workflows/ci.yml": [
      {
        "type": "Secret Keyword",
        "filename": ".github\\workflows\\ci.yml",
        "hashed_secret": "e94199322b932ecc768655e1aa13ba39e6d117c7",
        "is_verified": false,
        "line_number": 32,
        "is_secret": false
      },
      {
        "type": "Secret Keyword",
        "filename": ".github\\workflows\\ci.yml",
        "hashed_secret": "23214ab68093631eb0e9ae686899045e3fce7cb8",
        "is_verified": false,
        "line_number": 83,
        "is_secret": false
      },
      {
        "type": "Basic Auth Credentials",
        "filename": ".github\\workflows\\ci.yml",
        "hashed_secret": "23214ab68093631eb0e9ae686899045e3fce7cb8",
        "is_verified": false,
        "line_number": 111,
        "is_secret": false
      },
      {
        "type": "Secret Keyword",
        "filename": ".github\\workflows\\ci.yml",
        "hashed_secret": "7d2c07a2a7ee8d0d38a7d699a295c7dfa7797b83",
        "is_verified": false,
        "line_number": 112,
        "is_secret": false
      },
      {
        "type": "Secret Keyword",
        "filename": ".github\\workflows\\ci.yml",
        "hashed_secret": "33515c32211d796ec8d886c9e3b0728db7f4300e",
        "is_verified": false,
        "line_number": 113,
        "is_secret": false
      }
    ],
    "docs/SECRETS_MANAGEMENT.md": [
      {
        "type": "Secret Keyword",
        "filename": "docs\\SECRETS_MANAGEMENT.md",
        "hashed_secret": "2ccbb370c147cffc90493a2c190f4f85ad780348",
        "is_verified": false,
        "line_number": 41,
        "is_secret": false
      },
      {
        "type": "Secret Keyword",
        "filename": "docs\\SECRETS_MANAGEMENT.md",
        "hashed_secret": "77db17341a893dd7e9c55211d57cb27097578e3d",
        "is_verified": false,
        "line_number": 42,
        "is_secret": false
      },
      {
        "type": "Basic Auth Credentials",
        "filename": "docs\\SECRETS_MANAGEMENT.md",
        "hashed_secret": "5baa61e4c9b93f3f0682250b6cf8331b7ee68fd8",
        "is_verified": false,
        "line_number": 43,
        "is_secret": false
      },
      {
        "type": "Secret Keyword",
        "filename": "docs\\SECRETS_MANAGEMENT.md",
        "hashed_secret": "8af9a5ba9876dd23a80c67169d25dd3dce77a5ea",
        "is_verified": false,
        "line_number": 302,
        "is_secret": false
      },
      {
        "type": "Secret Keyword",
        "filename": "docs\\SECRETS_MANAGEMENT.md",
        "hashed_secret": "45d676e7c6ab44cf4b8fa366ef2d8fccd3e6d6e6",
        "is_verified": false,
        "line_number": 303,
        "is_secret": false
      }
    ],
    "tests/conftest.py": [
      {
        "type": "Secret Keyword",
        "filename": "tests\\conftest.py",
        "hashed_secret": "a3c282e9efb860cb6182e6c9f27687b879f32e03",
        "is_verified": false,
        "line_number": 19,
        "is_secret": false
      },
      {
        "type": "Secret Keyword",
        "filename": "tests\\conftest.py",
        "hashed_secret": "c2b3a92eaa19a3fa2f008ce19e587bdefb791468",
        "is_verified": false,
        "line_number": 21,
        "is_secret": false
      }
    ],
    "tests/test_accountant_role.py": [
      {
        "type": "Secret Keyword",
        "filename": "tests\\test_accountant_role.py",
        "hashed_secret": "c2b3a92eaa19a3fa2f008ce19e587bdefb791468",
        "is_verified": false,
        "line_number": 16,
        "is_secret": false
      },
      {
        "type": "Secret Keyword",
        "filename": "tests\\test_accountant_role.py",
        "hashed_secret": "9de4d0135f3238c5f6a6c2bd78eecdc2896ef54c",
        "is_verified": false,
        "line_number": 26,
        "is_secret": false
      },
      {
        "type": "Secret Keyword",
        "filename": "tests\\test_accountant_role.py",
        "hashed_secret": "59a5cfab5dd8c9b8785b76793b21350395302955",
        "is_verified": false,
        "line_number": 90,
        "is_secret": false
      }
    ],
    "tests/test_aes.py": [
      {
        "type": "Secret Keyword",
        "filename": "tests\\test_aes.py",
        "hashed_secret": "c2b3a92eaa19a3fa2f008ce19e587bdefb791468",
        "is_verified": false,
        "line_number": 11,
        "is_secret": false
      },
      {
        "type": "Secret Keyword",
        "filename": "tests\\test_aes.py",
        "hashed_secret": "80a82394f5b11b3e333156731d3bfcbca17242a9",
        "is_verified": false,
        "line_number": 21,
        "is_secret": false
      }
    ],
    "tests/test_analyzer_idempotency_r6.py": [
      {
        "type": "Secret Keyword",
        "filename": "tests\\test_analyzer_idempotency_r6.py",
        "hashed_secret": "c2b3a92eaa19a3fa2f008ce19e587bdefb791468",
        "is_verified": false,
        "line_number": 23,
        "is_secret": false
      }
    ],
    "tests/test_analyzer_idempotency_r6_postgres.py": [
      {
        "type": "Secret Keyword",
        "filename": "tests\\test_analyzer_idempotency_r6_postgres.py",
        "hashed_secret": "32e9d170cbd69a4b486e57fc4ec4dcc40a3fe835",
        "is_verified": false,
        "line_number": 78,
        "is_secret": false
      }
    ],
    "tests/test_analyzer_ingestion.py": [
      {
        "type": "Secret Keyword",
        "filename": "tests\\test_analyzer_ingestion.py",
        "hashed_secret": "c2b3a92eaa19a3fa2f008ce19e587bdefb791468",
        "is_verified": false,
        "line_number": 25,
        "is_secret": false
      },
      {
        "type": "Secret Keyword",
        "filename": "tests\\test_analyzer_ingestion.py",
        "hashed_secret": "cc3f5d5b690a4457bdf0f0fa93ef8c12a01753ce",
        "is_verified": false,
        "line_number": 70,
        "is_secret": false
      },
      {
        "type": "Secret Keyword",
        "filename": "tests\\test_analyzer_ingestion.py",
        "hashed_secret": "ab93195ba4e2491a00b24a2b801f6eba0a495143",
        "is_verified": false,
        "line_number": 119,
        "is_secret": false
      }
    ],
    "tests/test_api.py": [
      {
        "type": "Secret Keyword",
        "filename": "tests\\test_api.py",
        "hashed_secret": "c2b3a92eaa19a3fa2f008ce19e587bdefb791468",
        "is_verified": false,
        "line_number": 40,
        "is_secret": false
      },
      {
        "type": "Secret Keyword",
        "filename": "tests\\test_api.py",
        "hashed_secret": "59a5cfab5dd8c9b8785b76793b21350395302955",
        "is_verified": false,
        "line_number": 423,
        "is_secret": false
      },
      {
        "type": "Secret Keyword",
        "filename": "tests\\test_api.py",
        "hashed_secret": "cbfdac6008f9cab4083784cbd1874f76618d2a97",
        "is_verified": false,
        "line_number": 565,
        "is_secret": false
      }
    ],
    "tests/test_audit_compliance.py": [
      {
        "type": "Secret Keyword",
        "filename": "tests\\test_audit_compliance.py",
        "hashed_secret": "c2b3a92eaa19a3fa2f008ce19e587bdefb791468",
        "is_verified": false,
        "line_number": 11,
        "is_secret": false
      },
      {
        "type": "Secret Keyword",
        "filename": "tests\\test_audit_compliance.py",
        "hashed_secret": "59a5cfab5dd8c9b8785b76793b21350395302955",
        "is_verified": false,
        "line_number": 74,
        "is_secret": false
      }
    ],
    "tests/test_auth_hardening.py": [
      {
        "type": "Secret Keyword",
        "filename": "tests\\test_auth_hardening.py",
        "hashed_secret": "c2b3a92eaa19a3fa2f008ce19e587bdefb791468",
        "is_verified": false,
        "line_number": 45,
        "is_secret": false
      },
      {
        "type": "Secret Keyword",
        "filename": "tests\\test_auth_hardening.py",
        "hashed_secret": "49efef5f70d47adc2db2eb397fbef5f7bc560e29",
        "is_verified": false,
        "line_number": 80,
        "is_secret": false
      }
    ],
    "tests/test_auth_refresh.py": [
      {
        "type": "Secret Keyword",
        "filename": "tests\\test_auth_refresh.py",
        "hashed_secret": "c2b3a92eaa19a3fa2f008ce19e587bdefb791468",
        "is_verified": false,
        "line_number": 18,
        "is_secret": false
      },
      {
        "type": "Secret Keyword",
        "filename": "tests\\test_auth_refresh.py",
        "hashed_secret": "49efef5f70d47adc2db2eb397fbef5f7bc560e29",
        "is_verified": false,
        "line_number": 120,
        "is_secret": false
      },
      {
        "type": "Secret Keyword",
        "filename": "tests\\test_auth_refresh.py",
        "hashed_secret": "10a6d0b1420bda05bb65eb2eb4826acad64b23c3",
        "is_verified": false,
        "line_number": 203,
        "is_secret": false
      }
    ],
    "tests/test_auth_session_postgres.py": [
      {
        "type": "Secret Keyword",
        "filename": "tests\\test_auth_session_postgres.py",
        "hashed_secret": "d1baa2b9e120b9695639fbdc17537e8504755421",
        "is_verified": false,
        "line_number": 32,
        "is_secret": false
      },
      {
        "type": "Secret Keyword",
        "filename": "tests\\test_auth_session_postgres.py",
        "hashed_secret": "6c688179c69aec306d86656f471680294996c447",
        "is_verified": false,
        "line_number": 33,
        "is_secret": false
      }
    ],
    "tests/test_bench_radar.py": [
      {
        "type": "Secret Keyword",
        "filename": "tests\\test_bench_radar.py",
        "hashed_secret": "c2b3a92eaa19a3fa2f008ce19e587bdefb791468",
        "is_verified": false,
        "line_number": 17,
        "is_secret": false
      }
    ],
    "tests/test_billing_cycle.py": [
      {
        "type": "Secret Keyword",
        "filename": "tests\\test_billing_cycle.py",
        "hashed_secret": "c2b3a92eaa19a3fa2f008ce19e587bdefb791468",
        "is_verified": false,
        "line_number": 13,
        "is_secret": false
      },
      {
        "type": "Secret Keyword",
        "filename": "tests\\test_billing_cycle.py",
        "hashed_secret": "80a82394f5b11b3e333156731d3bfcbca17242a9",
        "is_verified": false,
        "line_number": 23,
        "is_secret": false
      }
    ],
    "tests/test_bioref.py": [
      {
        "type": "Secret Keyword",
        "filename": "tests\\test_bioref.py",
        "hashed_secret": "c2b3a92eaa19a3fa2f008ce19e587bdefb791468",
        "is_verified": false,
        "line_number": 13,
        "is_secret": false
      },
      {
        "type": "Secret Keyword",
        "filename": "tests\\test_bioref.py",
        "hashed_secret": "59a5cfab5dd8c9b8785b76793b21350395302955",
        "is_verified": false,
        "line_number": 128,
        "is_secret": false
      }
    ],
    "tests/test_bulk_import.py": [
      {
        "type": "Secret Keyword",
        "filename": "tests\\test_bulk_import.py",
        "hashed_secret": "c2b3a92eaa19a3fa2f008ce19e587bdefb791468",
        "is_verified": false,
        "line_number": 11,
        "is_secret": false
      },
      {
        "type": "Secret Keyword",
        "filename": "tests\\test_bulk_import.py",
        "hashed_secret": "59a5cfab5dd8c9b8785b76793b21350395302955",
        "is_verified": false,
        "line_number": 93,
        "is_secret": false
      }
    ],
    "tests/test_clinical_lifecycle_audit.py": [
      {
        "type": "Secret Keyword",
        "filename": "tests\\test_clinical_lifecycle_audit.py",
        "hashed_secret": "c2b3a92eaa19a3fa2f008ce19e587bdefb791468",
        "is_verified": false,
        "line_number": 23,
        "is_secret": false
      }
    ],
    "tests/test_clinical_reporting_rbac.py": [
      {
        "type": "Secret Keyword",
        "filename": "tests\\test_clinical_reporting_rbac.py",
        "hashed_secret": "8cdf677a0854c4d05536ac99ef27ed240820f7c0",
        "is_verified": false,
        "line_number": 52,
        "is_secret": false
      }
    ],
    "tests/test_clinical_safety_postgres.py": [
      {
        "type": "Secret Keyword",
        "filename": "tests\\test_clinical_safety_postgres.py",
        "hashed_secret": "3488d6544afe91c993ed4496d13746ea14f3adbf",
        "is_verified": false,
        "line_number": 39,
        "is_secret": false
      }
    ],
    "tests/test_clinical_safety_r1_r2_r4.py": [
      {
        "type": "Secret Keyword",
        "filename": "tests\\test_clinical_safety_r1_r2_r4.py",
        "hashed_secret": "8cdf677a0854c4d05536ac99ef27ed240820f7c0",
        "is_verified": false,
        "line_number": 42,
        "is_secret": false
      }
    ],
    "tests/test_code_mapping.py": [
      {
        "type": "Secret Keyword",
        "filename": "tests\\test_code_mapping.py",
        "hashed_secret": "c2b3a92eaa19a3fa2f008ce19e587bdefb791468",
        "is_verified": false,
        "line_number": 11,
        "is_secret": false
      },
      {
        "type": "Secret Keyword",
        "filename": "tests\\test_code_mapping.py",
        "hashed_secret": "59a5cfab5dd8c9b8785b76793b21350395302955",
        "is_verified": false,
        "line_number": 89,
        "is_secret": false
      }
    ],
    "tests/test_epidemiology_unit_scope.py": [
      {
        "type": "Secret Keyword",
        "filename": "tests\\test_epidemiology_unit_scope.py",
        "hashed_secret": "8cdf677a0854c4d05536ac99ef27ed240820f7c0",
        "is_verified": false,
        "line_number": 35,
        "is_secret": false
      }
    ],
    "tests/test_equipment_registry.py": [
      {
        "type": "Secret Keyword",
        "filename": "tests\\test_equipment_registry.py",
        "hashed_secret": "5c3d8c28d2635539eb0a29e9a7e4e988b85dd011",
        "is_verified": false,
        "line_number": 24,
        "is_secret": false
      },
      {
        "type": "Secret Keyword",
        "filename": "tests\\test_equipment_registry.py",
        "hashed_secret": "de4535c985b48b882d27675265548de3b0459e02",
        "is_verified": false,
        "line_number": 526,
        "is_secret": false
      }
    ],
    "tests/test_equipment_registry_postgres.py": [
      {
        "type": "Secret Keyword",
        "filename": "tests\\test_equipment_registry_postgres.py",
        "hashed_secret": "32e9d170cbd69a4b486e57fc4ec4dcc40a3fe835",
        "is_verified": false,
        "line_number": 48,
        "is_secret": false
      }
    ],
    "tests/test_exam_catalog_and_parser.py": [
      {
        "type": "Secret Keyword",
        "filename": "tests\\test_exam_catalog_and_parser.py",
        "hashed_secret": "c2b3a92eaa19a3fa2f008ce19e587bdefb791468",
        "is_verified": false,
        "line_number": 22,
        "is_secret": false
      }
    ],
    "tests/test_exam_orders.py": [
      {
        "type": "Secret Keyword",
        "filename": "tests\\test_exam_orders.py",
        "hashed_secret": "c2b3a92eaa19a3fa2f008ce19e587bdefb791468",
        "is_verified": false,
        "line_number": 11,
        "is_secret": false
      },
      {
        "type": "Secret Keyword",
        "filename": "tests\\test_exam_orders.py",
        "hashed_secret": "9de4d0135f3238c5f6a6c2bd78eecdc2896ef54c",
        "is_verified": false,
        "line_number": 43,
        "is_secret": false
      }
    ],
    "tests/test_exam_orders_rbac.py": [
      {
        "type": "Secret Keyword",
        "filename": "tests\\test_exam_orders_rbac.py",
        "hashed_secret": "c2b3a92eaa19a3fa2f008ce19e587bdefb791468",
        "is_verified": false,
        "line_number": 15,
        "is_secret": false
      },
      {
        "type": "Secret Keyword",
        "filename": "tests\\test_exam_orders_rbac.py",
        "hashed_secret": "59a5cfab5dd8c9b8785b76793b21350395302955",
        "is_verified": false,
        "line_number": 22,
        "is_secret": false
      }
    ],
    "tests/test_fhir_audit_safety.py": [
      {
        "type": "Secret Keyword",
        "filename": "tests\\test_fhir_audit_safety.py",
        "hashed_secret": "c2b3a92eaa19a3fa2f008ce19e587bdefb791468",
        "is_verified": false,
        "line_number": 20,
        "is_secret": false
      }
    ],
    "tests/test_fhir_export.py": [
      {
        "type": "Secret Keyword",
        "filename": "tests\\test_fhir_export.py",
        "hashed_secret": "c2b3a92eaa19a3fa2f008ce19e587bdefb791468",
        "is_verified": false,
        "line_number": 23,
        "is_secret": false
      }
    ],
    "tests/test_finance_transaction_postgres.py": [
      {
        "type": "Secret Keyword",
        "filename": "tests\\test_finance_transaction_postgres.py",
        "hashed_secret": "3488d6544afe91c993ed4496d13746ea14f3adbf",
        "is_verified": false,
        "line_number": 40,
        "is_secret": false
      }
    ],
    "tests/test_finance_transaction_safety.py": [
      {
        "type": "Secret Keyword",
        "filename": "tests\\test_finance_transaction_safety.py",
        "hashed_secret": "c2b3a92eaa19a3fa2f008ce19e587bdefb791468",
        "is_verified": false,
        "line_number": 22,
        "is_secret": false
      }
    ],
    "tests/test_imaging_poct_rbac.py": [
      {
        "type": "Secret Keyword",
        "filename": "tests\\test_imaging_poct_rbac.py",
        "hashed_secret": "c2b3a92eaa19a3fa2f008ce19e587bdefb791468",
        "is_verified": false,
        "line_number": 15,
        "is_secret": false
      },
      {
        "type": "Secret Keyword",
        "filename": "tests\\test_imaging_poct_rbac.py",
        "hashed_secret": "59a5cfab5dd8c9b8785b76793b21350395302955",
        "is_verified": false,
        "line_number": 25,
        "is_secret": false
      }
    ],
    "tests/test_imaging_transaction_postgres.py": [
      {
        "type": "Secret Keyword",
        "filename": "tests\\test_imaging_transaction_postgres.py",
        "hashed_secret": "3488d6544afe91c993ed4496d13746ea14f3adbf",
        "is_verified": false,
        "line_number": 32,
        "is_secret": false
      }
    ],
    "tests/test_imaging_transaction_safety.py": [
      {
        "type": "Secret Keyword",
        "filename": "tests\\test_imaging_transaction_safety.py",
        "hashed_secret": "c2b3a92eaa19a3fa2f008ce19e587bdefb791468",
        "is_verified": false,
        "line_number": 27,
        "is_secret": false
      }
    ],
    "tests/test_invoices.py": [
      {
        "type": "Secret Keyword",
        "filename": "tests\\test_invoices.py",
        "hashed_secret": "c2b3a92eaa19a3fa2f008ce19e587bdefb791468",
        "is_verified": false,
        "line_number": 11,
        "is_secret": false
      },
      {
        "type": "Secret Keyword",
        "filename": "tests\\test_invoices.py",
        "hashed_secret": "9de4d0135f3238c5f6a6c2bd78eecdc2896ef54c",
        "is_verified": false,
        "line_number": 21,
        "is_secret": false
      },
      {
        "type": "Secret Keyword",
        "filename": "tests\\test_invoices.py",
        "hashed_secret": "59a5cfab5dd8c9b8785b76793b21350395302955",
        "is_verified": false,
        "line_number": 35,
        "is_secret": false
      }
    ],
    "tests/test_lab_numbering_r5.py": [
      {
        "type": "Secret Keyword",
        "filename": "tests\\test_lab_numbering_r5.py",
        "hashed_secret": "c2b3a92eaa19a3fa2f008ce19e587bdefb791468",
        "is_verified": false,
        "line_number": 15,
        "is_secret": false
      }
    ],
    "tests/test_login_security.py": [
      {
        "type": "Secret Keyword",
        "filename": "tests\\test_login_security.py",
        "hashed_secret": "9a920db784dc33828f64a424b7a67e735b21381c",
        "is_verified": false,
        "line_number": 15,
        "is_secret": false
      },
      {
        "type": "Secret Keyword",
        "filename": "tests\\test_login_security.py",
        "hashed_secret": "d8e537cc9ea5617f3e80868a58a4cb2c34acabca",
        "is_verified": false,
        "line_number": 17,
        "is_secret": false
      },
      {
        "type": "Secret Keyword",
        "filename": "tests\\test_login_security.py",
        "hashed_secret": "e8662cfb96bd9c7fe84c31d76819ec3a92c80e63",
        "is_verified": false,
        "line_number": 64,
        "is_secret": false
      }
    ],
    "tests/test_notifications.py": [
      {
        "type": "Secret Keyword",
        "filename": "tests\\test_notifications.py",
        "hashed_secret": "c2b3a92eaa19a3fa2f008ce19e587bdefb791468",
        "is_verified": false,
        "line_number": 14,
        "is_secret": false
      }
    ],
    "tests/test_patient_history.py": [
      {
        "type": "Secret Keyword",
        "filename": "tests\\test_patient_history.py",
        "hashed_secret": "c2b3a92eaa19a3fa2f008ce19e587bdefb791468",
        "is_verified": false,
        "line_number": 11,
        "is_secret": false
      }
    ],
    "tests/test_preanalytic_cancelled_sample_postgres.py": [
      {
        "type": "Secret Keyword",
        "filename": "tests\\test_preanalytic_cancelled_sample_postgres.py",
        "hashed_secret": "3488d6544afe91c993ed4496d13746ea14f3adbf",
        "is_verified": false,
        "line_number": 47,
        "is_secret": false
      }
    ],
    "tests/test_preanalytic_cancelled_sample_safety.py": [
      {
        "type": "Secret Keyword",
        "filename": "tests\\test_preanalytic_cancelled_sample_safety.py",
        "hashed_secret": "c2b3a92eaa19a3fa2f008ce19e587bdefb791468",
        "is_verified": false,
        "line_number": 26,
        "is_secret": false
      },
      {
        "type": "Secret Keyword",
        "filename": "tests\\test_preanalytic_cancelled_sample_safety.py",
        "hashed_secret": "9d5141ffa0f1d7cb191494837a64bec445ea3481",
        "is_verified": false,
        "line_number": 264,
        "is_secret": false
      }
    ],
    "tests/test_quality_nc_capa.py": [
      {
        "type": "Secret Keyword",
        "filename": "tests\\test_quality_nc_capa.py",
        "hashed_secret": "c2b3a92eaa19a3fa2f008ce19e587bdefb791468",
        "is_verified": false,
        "line_number": 11,
        "is_secret": false
      },
      {
        "type": "Secret Keyword",
        "filename": "tests\\test_quality_nc_capa.py",
        "hashed_secret": "59a5cfab5dd8c9b8785b76793b21350395302955",
        "is_verified": false,
        "line_number": 26,
        "is_secret": false
      }
    ],
    "tests/test_quality_transaction_postgres.py": [
      {
        "type": "Secret Keyword",
        "filename": "tests\\test_quality_transaction_postgres.py",
        "hashed_secret": "3488d6544afe91c993ed4496d13746ea14f3adbf",
        "is_verified": false,
        "line_number": 33,
        "is_secret": false
      }
    ],
    "tests/test_quality_transaction_safety.py": [
      {
        "type": "Secret Keyword",
        "filename": "tests\\test_quality_transaction_safety.py",
        "hashed_secret": "c2b3a92eaa19a3fa2f008ce19e587bdefb791468",
        "is_verified": false,
        "line_number": 20,
        "is_secret": false
      }
    ],
    "tests/test_rate_limiting.py": [
      {
        "type": "Secret Keyword",
        "filename": "tests\\test_rate_limiting.py",
        "hashed_secret": "afce9cf0cacdbb6e70e09fcb75ae6de9b3cfddfc",
        "is_verified": false,
        "line_number": 18,
        "is_secret": false
      },
      {
        "type": "Secret Keyword",
        "filename": "tests\\test_rate_limiting.py",
        "hashed_secret": "d8e537cc9ea5617f3e80868a58a4cb2c34acabca",
        "is_verified": false,
        "line_number": 20,
        "is_secret": false
      }
    ],
    "tests/test_rbac_and_compliance_trend.py": [
      {
        "type": "Secret Keyword",
        "filename": "tests\\test_rbac_and_compliance_trend.py",
        "hashed_secret": "c2b3a92eaa19a3fa2f008ce19e587bdefb791468",
        "is_verified": false,
        "line_number": 11,
        "is_secret": false
      },
      {
        "type": "Secret Keyword",
        "filename": "tests\\test_rbac_and_compliance_trend.py",
        "hashed_secret": "0fc688ae3631ec2dde193be859af930dcfe99e32",
        "is_verified": false,
        "line_number": 22,
        "is_secret": false
      }
    ],
    "tests/test_redis_fanout_and_patient_update.py": [
      {
        "type": "Secret Keyword",
        "filename": "tests\\test_redis_fanout_and_patient_update.py",
        "hashed_secret": "c2b3a92eaa19a3fa2f008ce19e587bdefb791468",
        "is_verified": false,
        "line_number": 11,
        "is_secret": false
      },
      {
        "type": "Secret Keyword",
        "filename": "tests\\test_redis_fanout_and_patient_update.py",
        "hashed_secret": "59a5cfab5dd8c9b8785b76793b21350395302955",
        "is_verified": false,
        "line_number": 162,
        "is_secret": false
      }
    ],
    "tests/test_registre_extras.py": [
      {
        "type": "Secret Keyword",
        "filename": "tests\\test_registre_extras.py",
        "hashed_secret": "c2b3a92eaa19a3fa2f008ce19e587bdefb791468",
        "is_verified": false,
        "line_number": 14,
        "is_secret": false
      },
      {
        "type": "Secret Keyword",
        "filename": "tests\\test_registre_extras.py",
        "hashed_secret": "80a82394f5b11b3e333156731d3bfcbca17242a9",
        "is_verified": false,
        "line_number": 24,
        "is_secret": false
      }
    ],
    "tests/test_registre_import_analytics.py": [
      {
        "type": "Secret Keyword",
        "filename": "tests\\test_registre_import_analytics.py",
        "hashed_secret": "c2b3a92eaa19a3fa2f008ce19e587bdefb791468",
        "is_verified": false,
        "line_number": 13,
        "is_secret": false
      },
      {
        "type": "Secret Keyword",
        "filename": "tests\\test_registre_import_analytics.py",
        "hashed_secret": "59a5cfab5dd8c9b8785b76793b21350395302955",
        "is_verified": false,
        "line_number": 24,
        "is_secret": false
      }
    ],
    "tests/test_report_delivery_outbox.py": [
      {
        "type": "Secret Keyword",
        "filename": "tests\\test_report_delivery_outbox.py",
        "hashed_secret": "c2b3a92eaa19a3fa2f008ce19e587bdefb791468",
        "is_verified": false,
        "line_number": 15,
        "is_secret": false
      }
    ],
    "tests/test_results_poct_batch.py": [
      {
        "type": "Secret Keyword",
        "filename": "tests\\test_results_poct_batch.py",
        "hashed_secret": "c2b3a92eaa19a3fa2f008ce19e587bdefb791468",
        "is_verified": false,
        "line_number": 14,
        "is_secret": false
      }
    ],
    "tests/test_results_qualitative.py": [
      {
        "type": "Secret Keyword",
        "filename": "tests\\test_results_qualitative.py",
        "hashed_secret": "c2b3a92eaa19a3fa2f008ce19e587bdefb791468",
        "is_verified": false,
        "line_number": 14,
        "is_secret": false
      }
    ],
    "tests/test_results_rbac.py": [
      {
        "type": "Secret Keyword",
        "filename": "tests\\test_results_rbac.py",
        "hashed_secret": "c2b3a92eaa19a3fa2f008ce19e587bdefb791468",
        "is_verified": false,
        "line_number": 11,
        "is_secret": false
      },
      {
        "type": "Secret Keyword",
        "filename": "tests\\test_results_rbac.py",
        "hashed_secret": "59a5cfab5dd8c9b8785b76793b21350395302955",
        "is_verified": false,
        "line_number": 22,
        "is_secret": false
      }
    ],
    "tests/test_sample_aspect.py": [
      {
        "type": "Secret Keyword",
        "filename": "tests\\test_sample_aspect.py",
        "hashed_secret": "c2b3a92eaa19a3fa2f008ce19e587bdefb791468",
        "is_verified": false,
        "line_number": 13,
        "is_secret": false
      }
    ],
    "tests/test_sample_unit_rbac.py": [
      {
        "type": "Secret Keyword",
        "filename": "tests\\test_sample_unit_rbac.py",
        "hashed_secret": "c2b3a92eaa19a3fa2f008ce19e587bdefb791468",
        "is_verified": false,
        "line_number": 14,
        "is_secret": false
      },
      {
        "type": "Secret Keyword",
        "filename": "tests\\test_sample_unit_rbac.py",
        "hashed_secret": "8cdf677a0854c4d05536ac99ef27ed240820f7c0",
        "is_verified": false,
        "line_number": 27,
        "is_secret": false
      }
    ],
    "tests/test_samples_barcode.py": [
      {
        "type": "Secret Keyword",
        "filename": "tests\\test_samples_barcode.py",
        "hashed_secret": "c2b3a92eaa19a3fa2f008ce19e587bdefb791468",
        "is_verified": false,
        "line_number": 11,
        "is_secret": false
      }
    ],
    "tests/test_security.py": [
      {
        "type": "Secret Keyword",
        "filename": "tests\\test_security.py",
        "hashed_secret": "120340c3d011e9621b9bb88b5884221b25251b88",
        "is_verified": false,
        "line_number": 8,
        "is_secret": false
      }
    ],
    "tests/test_security_hardening.py": [
      {
        "type": "Secret Keyword",
        "filename": "tests\\test_security_hardening.py",
        "hashed_secret": "c2b3a92eaa19a3fa2f008ce19e587bdefb791468",
        "is_verified": false,
        "line_number": 14,
        "is_secret": false
      },
      {
        "type": "Secret Keyword",
        "filename": "tests\\test_security_hardening.py",
        "hashed_secret": "59a5cfab5dd8c9b8785b76793b21350395302955",
        "is_verified": false,
        "line_number": 29,
        "is_secret": false
      }
    ],
    "tests/test_stock_notifications.py": [
      {
        "type": "Secret Keyword",
        "filename": "tests\\test_stock_notifications.py",
        "hashed_secret": "a3c282e9efb860cb6182e6c9f27687b879f32e03",
        "is_verified": false,
        "line_number": 133,
        "is_secret": false
      },
      {
        "type": "Secret Keyword",
        "filename": "tests\\test_stock_notifications.py",
        "hashed_secret": "c2b3a92eaa19a3fa2f008ce19e587bdefb791468",
        "is_verified": false,
        "line_number": 135,
        "is_secret": false
      }
    ],
    "tests/test_tat_tracking.py": [
      {
        "type": "Secret Keyword",
        "filename": "tests\\test_tat_tracking.py",
        "hashed_secret": "c2b3a92eaa19a3fa2f008ce19e587bdefb791468",
        "is_verified": false,
        "line_number": 12,
        "is_secret": false
      },
      {
        "type": "Secret Keyword",
        "filename": "tests\\test_tat_tracking.py",
        "hashed_secret": "59a5cfab5dd8c9b8785b76793b21350395302955",
        "is_verified": false,
        "line_number": 97,
        "is_secret": false
      }
    ],
    "tests/test_token_cleanup.py": [
      {
        "type": "Secret Keyword",
        "filename": "tests\\test_token_cleanup.py",
        "hashed_secret": "c2b3a92eaa19a3fa2f008ce19e587bdefb791468",
        "is_verified": false,
        "line_number": 9,
        "is_secret": false
      },
      {
        "type": "Secret Keyword",
        "filename": "tests\\test_token_cleanup.py",
        "hashed_secret": "49efef5f70d47adc2db2eb397fbef5f7bc560e29",
        "is_verified": false,
        "line_number": 152,
        "is_secret": false
      }
    ],
    "tests/test_token_revocation.py": [
      {
        "type": "Secret Keyword",
        "filename": "tests\\test_token_revocation.py",
        "hashed_secret": "c2b3a92eaa19a3fa2f008ce19e587bdefb791468",
        "is_verified": false,
        "line_number": 12,
        "is_secret": false
      }
    ],
    "tests/test_worklist.py": [
      {
        "type": "Secret Keyword",
        "filename": "tests\\test_worklist.py",
        "hashed_secret": "c2b3a92eaa19a3fa2f008ce19e587bdefb791468",
        "is_verified": false,
        "line_number": 16,
        "is_secret": false
      }
    ]
  },
  "generated_at": "2026-08-05T13:48:41Z"
}
